// Jest Snapshot v1, https://goo.gl/fbAQLP

exports[`Button component should render default with values 1`] = `
<button
  className={undefined}
  type="button"
>
  default button
</button>
`;

exports[`Button component should render with given props 1`] = `
<button
  anotherProps={
    Array [
      1,
      2,
      3,
    ]
  }
  className="test__className"
  otherProps="otherProps"
  type="submit"
>
  childrenText
</button>
`;
